// Jest Snapshot v1, https://goo.gl/fbAQLP

exports[`<Dashboard /> should render Dashboard component correctly 1`] = `
<div>
  <h1>
    Dashboard
  </h1>
</div>
`;
