// Jest Snapshot v1, https://goo.gl/fbAQLP

exports[`<PrivateRoute /> should render PrivateRoute component correctly 1`] = `
<Route
  component={[Function]}
/>
`;
